// Jest Snapshot v1, https://goo.gl/fbAQLP

exports[`Dropdown render 1`] = `
<div
  className="dropdown-block"
>
  <div
    className="dropdown"
    onClick={[Function]}
    role="menu"
    style={
      Object {
        "display": "block",
      }
    }
    tabIndex="0"
  >
    <div />
  </div>
  <button
    className="dropdown-button"
    onClick={[Function]}
  >
    âœ…
  </button>
  <div
    className="dropdown-mask"
    onClick={[Function]}
    role="presentation"
    style={
      Object {
        "display": "block",
      }
    }
  />
</div>
`;
