// Jest Snapshot v1, https://goo.gl/fbAQLP

exports[`Modal renders 1`] = `
<div
  className="modal-wrapper"
>
  <div
    className="modal entering"
    onBlur={[Function]}
    onMouseDown={[Function]}
    role="dialog"
  />
</div>
`;
